channel,ref
HGTVHungary.hu,https://github.com/iptv-org/iptv/issues/1831